
[37mPercivalsMeatyThighs[0m: The great juju up the mountain

[33mSinR2014[0m: 🅱️ RELEASE THE QUACKEN

[37mTicachu02[0m: up

[37mTrescenetii[0m: D:

[33mNorecha1[0m: spawn found

[33mKargothIronford[0m: get mighty ducked

[37mdoctor_dave1[0m: How's the broadcast going?

[37mbrimothy_[0m: the duck found him

[33mrocky__10[0m: DUCKED

[33mreimannsum[0m: he just wanders when he gets out I hate it
